[2026-02-21T06:16:10.733Z] 🚀 MODE TEST: Génération avec prospects de test...
[2026-02-21T06:16:10.743Z] 📥 3 prospects de test chargés
[2026-02-21T06:16:10.744Z] 🎨 Génération des sites...
[2026-02-21T06:16:29.225Z] ✅ 0 sites générés
[2026-02-21T06:16:29.225Z] 🚀 Déploiement GitHub Pages...
[2026-02-21T06:16:29.226Z] ✅ 0 sites déployés
[2026-02-21T06:16:29.228Z] 💾 Sites sauvegardés pour test SMS
[2026-02-21T06:16:29.228Z] ✅ TEST TERMINÉ AVEC SUCCÈS
